src/pages/admin/AdminAccounting.tsx(11,3): error TS6133: 'Filter' is declared but its value is never read.
src/pages/admin/AdminAccounting.tsx(13,3): error TS6133: 'ArrowUpDown' is declared but its value is never read.
src/pages/admin/AdminAccounting.tsx(14,3): error TS6133: 'Search' is declared but its value is never read.
src/pages/admin/AdminAccounting.tsx(17,3): error TS6133: 'LineChart' is declared but its value is never read.
src/pages/admin/AdminAccounting.tsx(18,3): error TS6133: 'Line' is declared but its value is never read.
src/pages/admin/AdminAccounting.tsx(26,3): error TS6133: 'BarChart' is declared but its value is never read.
src/pages/admin/AdminAccounting.tsx(27,3): error TS6133: 'Bar' is declared but its value is never read.
src/pages/admin/AdminAccounting.tsx(58,37): error TS6133: 'isSummaryLoading' is declared but its value is never read.
src/pages/Dashboard.tsx(39,38): error TS6133: 'userLoading' is declared but its value is never read.
src/pages/Home.tsx(677,37): error TS6133: 'i' is declared but its value is never read.
